#Key mappings for locale=de_DE (os=Mac OS X, 26.5.1)
#Mon Jul 06 15:18:54 CEST 2026
0.0=30
0.1=3d
0.2=30
0.20=2260
0.4=untyped
0.8=2260
1.0=31
1.1=21
1.2=31
1.20=a1
1.4=untyped
1.8=a1
2.0=32
2.1=22
2.2=32
2.20=201c
2.4=untyped
2.8=201c
3.0=33
3.1=a7
3.2=33
3.20=b6
3.4=untyped
3.8=b6
4.0=34
4.1=24
4.2=34
4.20=a2
4.4=untyped
4.8=a2
5.0=35
5.1=25
5.2=35
5.20=5b
5.4=untyped
5.8=5b
6.0=36
6.1=26
6.2=36
6.20=5d
6.4=untyped
6.8=5d
7.0=37
7.1=2f
7.2=37
7.20=7c
7.4=untyped
7.8=7c
8.0=38
8.1=28
8.2=38
8.20=7b
8.4=untyped
8.8=7b
9.0=39
9.1=29
9.2=39
9.20=7d
9.4=untyped
9.8=7d
A.0=61
A.1=41
A.2=1
A.20=e5
A.4=untyped
A.8=e5
ACCEPT.0=system
ACCEPT.1=system
ACCEPT.2=system
ACCEPT.20=system
ACCEPT.4=system
ACCEPT.8=system
ADD.0=2b
ADD.1=2b
ADD.2=2b
ADD.20=2b
ADD.4=untyped
ADD.8=2b
AGAIN.0=system
AGAIN.1=system
AGAIN.2=system
AGAIN.20=system
AGAIN.4=system
AGAIN.8=system
AMPERSAND.0=system
AMPERSAND.1=system
AMPERSAND.2=system
AMPERSAND.20=system
AMPERSAND.4=system
AMPERSAND.8=system
ASTERISK.0=system
ASTERISK.1=system
ASTERISK.2=system
ASTERISK.20=system
ASTERISK.4=system
ASTERISK.8=system
AT.0=system
AT.1=system
AT.2=system
AT.20=system
AT.4=system
AT.8=system
B.0=62
B.1=42
B.2=2
B.20=222b
B.4=62
B.8=222b
BACK_QUOTE.0=3c
BACK_QUOTE.1=3e
BACK_QUOTE.2=3c
BACK_QUOTE.20=2264
BACK_QUOTE.4=3c
BACK_QUOTE.8=2264
BACK_SLASH.0=23
BACK_SLASH.1=27
BACK_SLASH.2=23
BACK_SLASH.20=2018
BACK_SLASH.4=23
BACK_SLASH.8=2018
BACK_SPACE.0=8
BACK_SPACE.1=8
BACK_SPACE.2=8
BACK_SPACE.20=8
BACK_SPACE.4=8
BACK_SPACE.8=8
BEGIN.0=system
BEGIN.1=system
BEGIN.2=system
BEGIN.20=system
BEGIN.4=system
BEGIN.8=system
BRACELEFT.0=system
BRACELEFT.1=system
BRACELEFT.2=system
BRACELEFT.20=system
BRACELEFT.4=system
BRACELEFT.8=system
BRACERIGHT.0=system
BRACERIGHT.1=system
BRACERIGHT.2=system
BRACERIGHT.20=system
BRACERIGHT.4=system
BRACERIGHT.8=system
C.0=63
C.1=43
C.2=3
C.20=e7
C.4=63
C.8=e7
CANCEL.0=system
CANCEL.1=system
CANCEL.2=system
CANCEL.20=system
CANCEL.4=system
CANCEL.8=system
CIRCUMFLEX.0=system
CIRCUMFLEX.1=system
CIRCUMFLEX.2=system
CIRCUMFLEX.20=system
CIRCUMFLEX.4=system
CIRCUMFLEX.8=system
CLEAR.0=untyped
CLEAR.1=untyped
CLEAR.2=untyped
CLEAR.20=untyped
CLEAR.4=untyped
CLEAR.8=untyped
CLOSE_BRACKET.0=2b
CLOSE_BRACKET.1=2a
CLOSE_BRACKET.2=2b
CLOSE_BRACKET.20=b1
CLOSE_BRACKET.4=2b
CLOSE_BRACKET.8=b1
COLON.0=system
COLON.1=system
COLON.2=system
COLON.20=system
COLON.4=system
COLON.8=system
COMMA.0=2c
COMMA.1=3b
COMMA.2=2c
COMMA.20=221e
COMMA.4=2c
COMMA.8=221e
COMPOSE.0=system
COMPOSE.1=system
COMPOSE.2=system
COMPOSE.20=system
COMPOSE.4=system
COMPOSE.8=system
CONTEXT_MENU.0=system
CONTEXT_MENU.1=system
CONTEXT_MENU.2=system
CONTEXT_MENU.20=system
CONTEXT_MENU.4=system
CONTEXT_MENU.8=system
CONVERT.0=system
CONVERT.1=system
CONVERT.2=system
CONVERT.20=system
CONVERT.4=system
CONVERT.8=system
COPY.0=system
COPY.1=system
COPY.2=system
COPY.20=system
COPY.4=system
COPY.8=system
CUT.0=system
CUT.1=system
CUT.2=system
CUT.20=system
CUT.4=system
CUT.8=system
D.0=64
D.1=44
D.2=4
D.20=2202
D.4=64
D.8=2202
DECIMAL.0=2c
DECIMAL.1=2c
DECIMAL.2=2c
DECIMAL.20=2e
DECIMAL.4=2c
DECIMAL.8=2e
DELETE.0=7f
DELETE.1=7f
DELETE.2=7f
DELETE.20=7f
DELETE.4=7f
DELETE.8=7f
DIVIDE.0=2f
DIVIDE.1=2f
DIVIDE.2=2f
DIVIDE.20=2f
DIVIDE.4=2f
DIVIDE.8=2f
DOLLAR.0=system
DOLLAR.1=system
DOLLAR.2=system
DOLLAR.20=system
DOLLAR.4=system
DOLLAR.8=system
DOWN.0=untyped
DOWN.1=untyped
DOWN.2=system
DOWN.20=untyped
DOWN.4=untyped
DOWN.8=untyped
E.0=65
E.1=45
E.2=system
E.20=system
E.4=65
E.8=system
END.0=untyped
END.1=untyped
END.2=system
END.20=untyped
END.4=untyped
END.8=untyped
ENTER.0=a
ENTER.1=d
ENTER.2=system
ENTER.20=d
ENTER.4=a
ENTER.8=d
EQUALS.0=untyped
EQUALS.1=system
EQUALS.2=untyped
EQUALS.20=system
EQUALS.4=system
EQUALS.8=system
ESCAPE.0=system
ESCAPE.1=1b
ESCAPE.2=system
ESCAPE.20=1b
ESCAPE.4=1b
ESCAPE.8=1b
EURO_SIGN.0=system
EURO_SIGN.1=system
EURO_SIGN.2=system
EURO_SIGN.20=system
EURO_SIGN.4=system
EURO_SIGN.8=system
EXCLAMATION_MARK.0=system
EXCLAMATION_MARK.1=system
EXCLAMATION_MARK.2=system
EXCLAMATION_MARK.20=system
EXCLAMATION_MARK.4=system
EXCLAMATION_MARK.8=system
F.0=66
F.1=46
F.2=66
F.20=192
F.4=66
F.8=192
FINAL.0=system
FINAL.1=system
FINAL.2=system
FINAL.20=system
FINAL.4=system
FINAL.8=system
FIND.0=system
FIND.1=system
FIND.2=system
FIND.20=system
FIND.4=system
FIND.8=system
G.0=67
G.1=47
G.2=67
G.20=a9
G.4=67
G.8=a9
GREATER.0=system
GREATER.1=system
GREATER.2=system
GREATER.20=system
GREATER.4=system
GREATER.8=system
H.0=68
H.1=48
H.2=68
H.20=aa
H.4=68
H.8=aa
HELP.0=system
HELP.1=untyped
HELP.2=system
HELP.20=untyped
HELP.4=system
HELP.8=untyped
HOME.0=system
HOME.1=untyped
HOME.2=system
HOME.20=untyped
HOME.4=system
HOME.8=untyped
I.0=system
I.1=49
I.2=system
I.20=2044
I.4=system
I.8=2044
INSERT.0=system
INSERT.1=system
INSERT.2=system
INSERT.20=system
INSERT.4=system
INSERT.8=system
INVERTED_EXCLAMATION_MARK.0=system
INVERTED_EXCLAMATION_MARK.1=system
INVERTED_EXCLAMATION_MARK.2=system
INVERTED_EXCLAMATION_MARK.20=system
INVERTED_EXCLAMATION_MARK.4=system
INVERTED_EXCLAMATION_MARK.8=system
J.0=system
J.1=4a
J.2=system
J.20=ba
J.4=system
J.8=ba
K.0=system
K.1=4b
K.2=system
K.20=2206
K.4=system
K.8=2206
KP_DOWN.0=system
KP_DOWN.1=system
KP_DOWN.2=system
KP_DOWN.20=system
KP_DOWN.4=system
KP_DOWN.8=system
KP_LEFT.0=system
KP_LEFT.1=system
KP_LEFT.2=system
KP_LEFT.20=system
KP_LEFT.4=system
KP_LEFT.8=system
KP_RIGHT.0=system
KP_RIGHT.1=system
KP_RIGHT.2=system
KP_RIGHT.20=system
KP_RIGHT.4=system
KP_RIGHT.8=system
KP_UP.0=system
KP_UP.1=system
KP_UP.2=system
KP_UP.20=system
KP_UP.4=system
KP_UP.8=system
L.0=system
L.1=4c
L.2=system
L.20=40
L.4=system
L.8=40
LEFT.0=system
LEFT.1=untyped
LEFT.2=system
LEFT.20=untyped
LEFT.4=system
LEFT.8=untyped
LEFT_PARENTHESIS.0=system
LEFT_PARENTHESIS.1=system
LEFT_PARENTHESIS.2=system
LEFT_PARENTHESIS.20=system
LEFT_PARENTHESIS.4=system
LEFT_PARENTHESIS.8=system
LESS.0=system
LESS.1=system
LESS.2=system
LESS.20=system
LESS.4=system
LESS.8=system
M.0=system
M.1=4d
M.2=system
M.20=b5
M.4=system
M.8=b5
MINUS.0=system
MINUS.1=3f
MINUS.2=system
MINUS.20=bf
MINUS.4=system
MINUS.8=bf
MODECHANGE.0=system
MODECHANGE.1=system
MODECHANGE.2=system
MODECHANGE.20=system
MODECHANGE.4=system
MODECHANGE.8=system
MULTIPLY.0=system
MULTIPLY.1=2a
MULTIPLY.2=system
MULTIPLY.20=2a
MULTIPLY.4=system
MULTIPLY.8=2a
N.0=system
N.1=4e
N.2=system
N.20=untyped
N.4=system
N.8=untyped
NONCONVERT.0=system
NONCONVERT.1=system
NONCONVERT.2=system
NONCONVERT.20=system
NONCONVERT.4=system
NONCONVERT.8=system
NUMBER_SIGN.0=system
NUMBER_SIGN.1=system
NUMBER_SIGN.2=system
NUMBER_SIGN.20=system
NUMBER_SIGN.4=system
NUMBER_SIGN.8=system
NUMPAD0.0=system
NUMPAD0.1=30
NUMPAD0.2=system
NUMPAD0.20=7e
NUMPAD0.4=system
NUMPAD0.8=7e
NUMPAD1.0=system
NUMPAD1.1=31
NUMPAD1.2=system
NUMPAD1.20=31
NUMPAD1.4=system
NUMPAD1.8=31
NUMPAD2.0=system
NUMPAD2.1=32
NUMPAD2.2=system
NUMPAD2.20=32
NUMPAD2.4=system
NUMPAD2.8=32
NUMPAD3.0=system
NUMPAD3.1=33
NUMPAD3.2=system
NUMPAD3.20=33
NUMPAD3.4=system
NUMPAD3.8=33
NUMPAD4.0=system
NUMPAD4.1=34
NUMPAD4.2=system
NUMPAD4.20=34
NUMPAD4.4=system
NUMPAD4.8=34
NUMPAD5.0=system
NUMPAD5.1=35
NUMPAD5.2=system
NUMPAD5.20=35
NUMPAD5.4=system
NUMPAD5.8=35
NUMPAD6.0=system
NUMPAD6.1=36
NUMPAD6.2=system
NUMPAD6.20=36
NUMPAD6.4=system
NUMPAD6.8=36
NUMPAD7.0=system
NUMPAD7.1=37
NUMPAD7.2=system
NUMPAD7.20=37
NUMPAD7.4=system
NUMPAD7.8=37
NUMPAD8.0=system
NUMPAD8.1=38
NUMPAD8.2=system
NUMPAD8.20=38
NUMPAD8.4=system
NUMPAD8.8=38
NUMPAD9.0=system
NUMPAD9.1=39
NUMPAD9.2=system
NUMPAD9.20=39
NUMPAD9.4=system
NUMPAD9.8=39
O.0=system
O.1=4f
O.2=system
O.20=f8
O.4=system
O.8=f8
OPEN_BRACKET.0=system
OPEN_BRACKET.1=dc
OPEN_BRACKET.2=system
OPEN_BRACKET.20=2022
OPEN_BRACKET.4=system
OPEN_BRACKET.8=2022
P.0=system
P.1=50
P.2=system
P.20=3c0
P.4=system
P.8=3c0
PAGE_DOWN.0=system
PAGE_DOWN.1=untyped
PAGE_DOWN.2=system
PAGE_DOWN.20=untyped
PAGE_DOWN.4=system
PAGE_DOWN.8=untyped
PAGE_UP.0=system
PAGE_UP.1=untyped
PAGE_UP.2=system
PAGE_UP.20=untyped
PAGE_UP.4=system
PAGE_UP.8=untyped
PASTE.0=system
PASTE.1=system
PASTE.2=system
PASTE.20=system
PASTE.4=system
PASTE.8=system
PAUSE.0=system
PAUSE.1=system
PAUSE.2=system
PAUSE.20=system
PAUSE.4=system
PAUSE.8=system
PERIOD.0=system
PERIOD.1=3a
PERIOD.2=system
PERIOD.20=2026
PERIOD.4=system
PERIOD.8=2026
PLUS.0=system
PLUS.1=system
PLUS.2=system
PLUS.20=system
PLUS.4=system
PLUS.8=system
PRINTSCREEN.0=system
PRINTSCREEN.1=system
PRINTSCREEN.2=system
PRINTSCREEN.20=system
PRINTSCREEN.4=system
PRINTSCREEN.8=system
PROPS.0=system
PROPS.1=system
PROPS.2=system
PROPS.20=system
PROPS.4=system
PROPS.8=system
Q.0=system
Q.1=51
Q.2=system
Q.20=ab
Q.4=system
Q.8=ab
QUOTE.0=system
QUOTE.1=c4
QUOTE.2=system
QUOTE.20=e6
QUOTE.4=system
QUOTE.8=e6
QUOTEDBL.0=system
QUOTEDBL.1=system
QUOTEDBL.2=system
QUOTEDBL.20=system
QUOTEDBL.4=system
QUOTEDBL.8=system
R.0=system
R.1=52
R.2=system
R.20=ae
R.4=system
R.8=ae
RIGHT.0=system
RIGHT.1=untyped
RIGHT.2=system
RIGHT.20=untyped
RIGHT.4=system
RIGHT.8=untyped
RIGHT_PARENTHESIS.0=system
RIGHT_PARENTHESIS.1=system
RIGHT_PARENTHESIS.2=system
RIGHT_PARENTHESIS.20=system
RIGHT_PARENTHESIS.4=system
RIGHT_PARENTHESIS.8=system
S.0=system
S.1=53
S.2=system
S.20=201a
S.4=system
S.8=201a
SEMICOLON.0=system
SEMICOLON.1=d6
SEMICOLON.2=system
SEMICOLON.20=153
SEMICOLON.4=system
SEMICOLON.8=153
SEPARATER.0=system
SEPARATER.1=system
SEPARATER.2=system
SEPARATER.20=system
SEPARATER.4=system
SEPARATER.8=system
SEPARATOR.0=system
SEPARATOR.1=system
SEPARATOR.2=system
SEPARATOR.20=system
SEPARATOR.4=system
SEPARATOR.8=system
SLASH.0=system
SLASH.1=5f
SLASH.2=system
SLASH.20=2013
SLASH.4=system
SLASH.8=2013
SPACE.0=system
SPACE.1=20
SPACE.2=system
SPACE.20=a0
SPACE.4=system
SPACE.8=a0
STOP.0=system
STOP.1=system
STOP.2=system
STOP.20=system
STOP.4=system
STOP.8=system
SUBTRACT.0=system
SUBTRACT.1=2d
SUBTRACT.2=system
SUBTRACT.20=2d
SUBTRACT.4=system
SUBTRACT.8=2d
T.0=system
T.1=54
T.2=system
T.20=2020
T.4=system
T.8=2020
TAB.0=system
TAB.1=9
TAB.2=system
TAB.20=9
TAB.4=system
TAB.8=9
U.0=system
U.1=55
U.2=system
U.20=untyped
U.4=system
U.8=untyped
UNDERSCORE.0=system
UNDERSCORE.1=system
UNDERSCORE.2=system
UNDERSCORE.20=system
UNDERSCORE.4=system
UNDERSCORE.8=system
UNDO.0=system
UNDO.1=system
UNDO.2=system
UNDO.20=system
UNDO.4=system
UNDO.8=system
UP.0=system
UP.1=untyped
UP.2=system
UP.20=system
UP.4=system
UP.8=system
V.0=system
V.1=56
V.2=system
V.20=221a
V.4=system
V.8=221a
W.0=system
W.1=57
W.2=system
W.20=2211
W.4=system
W.8=2211
WINDOWS.0=system
WINDOWS.1=system
WINDOWS.2=system
WINDOWS.20=system
WINDOWS.4=system
WINDOWS.8=system
X.0=system
X.1=78
X.2=system
X.20=2248
X.4=system
X.8=2248
Y.0=system
Y.1=7a
Y.2=system
Y.20=3a9
Y.4=system
Y.8=3a9
Z.0=system
Z.1=79
Z.2=system
Z.20=system
Z.4=system
Z.8=system
